// Jest Snapshot v1, https://goo.gl/fbAQLP

exports[`Tests on <Layout /> Componet should match snapshot 1`] = `
<div>
  <div
    class="flex flex-col"
  >
    <h1
      class="text-3xl font-bold"
    >
      BreakingBad Quotes
    </h1>
    <hr
      class="mt-2"
    />
    <div
      class="p-4 bg-sky-400 rounded-md text-white w-400 undefined"
    >
      Loading...
    </div>
    <button
      class="m-2 p-2 bg-green-800 rounded-md text-white active:bg-green-700 hover:bg-green-600 focus:outline-none focus:ring focus:ring-green-500"
      disabled=""
    >
      Next Quote
    </button>
  </div>
</div>
`;
